// Jest Snapshot v1, https://goo.gl/fbAQLP

exports[`SearchBar should render correctly 1`] = `
<form
  className="search-form"
  onSubmit={[Function]}
>
  <input
    onChange={[Function]}
    placeholder="Search"
    type="text"
    value="Tarantino"
  />
  <button
    type="submit"
  >
    <p>
      Search
    </p>
  </button>
</form>
`;
