// Jest Snapshot v1, https://goo.gl/fbAQLP

exports[`MoviePage should render correctly 1`] = `
<Fragment>
  <HeaderContainer
    handleSearchValue={null}
    movieData={null}
    searchOption={null}
    toggleSearch={null}
  />
  <SearchResultsContainer
    films={Array []}
    raiseClickEvent={[Function]}
    total={0}
  />
</Fragment>
`;
