// Jest Snapshot v1, https://goo.gl/fbAQLP

exports[`MoviePageHeader should render correctly with props 1`] = `
<div
  className="movie-container "
>
  <div
    className="buttons-container"
  >
    <HomePageLogoButton
      handleClick={[Function]}
    />
    <HomePageSearchButton
      handleClick={[Function]}
    />
  </div>
  <MovieCard />
</div>
`;
